{
    "failed_checks": [
        {
            "file": "/main.tf",
            "findings": [
                {
                    "resource": "aws_s3_bucket.unencrypted",
                    "check_ids": [
                        "CKV2_AWS_6",
                        "CKV2_AWS_61",
                        "CKV2_AWS_62",
                        "CKV_AWS_144",
                        "CKV_AWS_145",
                        "CKV_AWS_18",
                        "CKV_AWS_21"
                    ]
                },
                {
                    "resource": "aws_security_group.wide_open",
                    "check_ids": [
                        "CKV2_AWS_5",
                        "CKV_AWS_23",
                        "CKV_AWS_24"
                    ]
                },
                {
                    "resource": "aws_security_group_rule.documented_skip",
                    "check_ids": [
                        "CKV_AWS_23"
                    ]
                }
            ]
        },
        {
            "file": "/modules/storage/main.tf",
            "findings": [
                {
                    "resource": "module.storage.aws_s3_bucket.module_bucket",
                    "check_ids": [
                        "CKV2_AWS_6",
                        "CKV2_AWS_61",
                        "CKV2_AWS_62",
                        "CKV_AWS_144",
                        "CKV_AWS_145",
                        "CKV_AWS_18"
                    ]
                }
            ]
        }
    ]
}